[backblue.gif]
[fade.gif]
[index.html]
[tiqbiz.com/in/feed/index.html]
[tiqbiz.com/in/tiqbizapp/feed/index.html]
[tiqbiz.com/in/comments/feed/index.html]
[tiqbiz.com/in/wp-includes/js/jquery/jquery90f9.js]
[tiqbiz.com/in/wp-includes/js/jquery/jquery-migrate.min1576.js]
[tiqbiz.com/in/wp-content/plugins/google-analyticator/external-tracking.minb7f2.js]
[tiqbiz.com/in/xmlrpc0db0.php]
[tiqbiz.com/in/wp-includes/wlwmanifest.xml]
[www.google-analytics.com/analytics.js]
[tiqbiz.com/in/wp-content/uploads/sites/6/2014/11/children-in-classd919.jpg]
[tiqbiz.com/in/wp-content/uploads/sites/6/2014/11/tiqbiz-logo-topmenu-145x30.png]
[tiqbiz.com/in/wp-content/uploads/sites/6/2014/11/tiqbiz-white-logo.png]
[tiqbiz.com/in/wp-content/uploads/sites/6/2014/11/tiqbiz-iphone-glitter-350x500.png]
[tiqbiz.com/in/wp-content/uploads/sites/6/2014/11/tiqbiz-phones-350x500.png]
[tiqbiz.com/in/wp-content/uploads/sites/6/2014/11/tiqbiz-retina-ipad-mini-ipad-air-400x488.png]
[tiqbiz.com/in/wp-content/uploads/sites/6/2014/11/tiqbiz-newsfeed-iphone-277x600.png]
[tiqbiz.com/in/wp-content/uploads/sites/6/2014/11/VN-calendar-samsung-277x600.png]
[tiqbiz.com/in/wp-content/uploads/sites/6/2014/11/tiqbiz-admin-app-500x503.png]
[tiqbiz.com/in/wp-content/uploads/sites/6/2014/11/one2one-phone-screen-200x420.png]
[tiqbiz.com/in/wp-content/uploads/sites/6/2014/11/2way-signing.png]
[tiqbiz.com/in/wp-content/uploads/sites/6/2014/11/tiqbiz-school.png]
[tiqbiz.com/in/wp-content/uploads/sites/6/2014/11/tiqbiz-school-400x800.png]
[tiqbiz.com/in/wp-content/uploads/sites/6/2014/11/tiqbiz-search-results.png]
[tiqbiz.com/in/wp-content/uploads/sites/6/2014/11/tiqbiz-search-results-400x800.png]
[tiqbiz.com/in/wp-content/uploads/sites/6/2014/11/tiqbiz-newsfeed.png]
[tiqbiz.com/in/wp-content/uploads/sites/6/2014/11/tiqbiz-newsfeed-400x800.png]
[tiqbiz.com/in/wp-content/uploads/sites/6/2014/11/tiqbiz-calendar.png]
[tiqbiz.com/in/wp-content/uploads/sites/6/2014/11/tiqbiz-calendar-400x800.png]
[tiqbiz.com/in/wp-content/uploads/sites/6/2014/11/tiqbiz-map.png]
[tiqbiz.com/in/wp-content/uploads/sites/6/2014/11/tiqbiz-map-400x800.png]
[tiqbiz.com/in/wp-content/uploads/sites/6/2014/11/tiqbiz-menu-new.png]
[tiqbiz.com/in/wp-content/uploads/sites/6/2014/11/tiqbiz-menu-new-400x800.png]
[www.tiqbiz.com/public_user_files/companylogosV5/windows/543.png]
[www.tiqbiz.com/public_user_files/companylogosV5/windows/552.png]
[www.tiqbiz.com/public_user_files/companylogosV5/windows/555.png]
[www.tiqbiz.com/public_user_files/companylogosV5/windows/566.png]
[www.tiqbiz.com/public_user_files/companylogosV5/windows/567.png]
[www.tiqbiz.com/public_user_files/companylogosV5/windows/576.png]
[www.tiqbiz.com/public_user_files/companylogosV5/windows/581.png]
[www.tiqbiz.com/public_user_files/companylogosV5/windows/586.png]
[www.tiqbiz.com/public_user_files/companylogosV5/windows/655.png]
[www.tiqbiz.com/public_user_files/companylogosV5/windows/651.png]
[www.tiqbiz.com/public_user_files/companylogosV5/windows/648.png]
[www.tiqbiz.com/public_user_files/companylogosV5/windows/650.png]
[www.tiqbiz.com/public_user_files/companylogosV5/windows/626.png]
[www.tiqbiz.com/public_user_files/companylogosV5/windows/647.png]
[www.tiqbiz.com/public_user_files/companylogosV5/windows/649.png]
[www.tiqbiz.com/public_user_files/companylogosV5/windows/660.png]
[www.tiqbiz.com/public_user_files/companylogosV5/windows/662.png]
[www.tiqbiz.com/public_user_files/companylogosV5/windows/663.png]
[www.tiqbiz.com/public_user_files/companylogosV5/windows/668.png]
[www.tiqbiz.com/public_user_files/companylogosV5/windows/669.png]
[www.tiqbiz.com/public_user_files/companylogosV5/windows/683.png]
[www.tiqbiz.com/public_user_files/companylogosV5/windows/703.png]
[www.tiqbiz.com/public_user_files/companylogosV5/windows/706.png]
[www.tiqbiz.com/public_user_files/companylogosV5/windows/728.png]
[www.tiqbiz.com/public_user_files/companylogosV5/windows/729.png]
[www.tiqbiz.com/public_user_files/companylogosV5/windows/744.png]
[www.tiqbiz.com/public_user_files/companylogosV5/windows/746.png]
[www.tiqbiz.com/public_user_files/companylogosV5/windows/764.png]
[www.tiqbiz.com/public_user_files/companylogosV5/windows/780.png]
[www.tiqbiz.com/public_user_files/companylogosV5/windows/791.png]
[www.tiqbiz.com/public_user_files/companylogosV5/windows/810.png]
[www.tiqbiz.com/public_user_files/companylogosV5/windows/812.png]
[www.tiqbiz.com/public_user_files/companylogosV5/windows/811.png]
[www.tiqbiz.com/public_user_files/companylogosV5/windows/789.png]
[www.tiqbiz.com/public_user_files/companylogosV5/windows/830.png]
[www.tiqbiz.com/public_user_files/companylogosV5/windows/832.png]
[www.tiqbiz.com/public_user_files/companylogosV5/windows/863.png]
[www.tiqbiz.com/public_user_files/companylogosV5/windows/864.png]
[www.tiqbiz.com/public_user_files/companylogosV5/windows/872.png]
[www.tiqbiz.com/public_user_files/companylogosV5/windows/884.png]
[www.tiqbiz.com/public_user_files/companylogosV5/windows/910.png]
[www.tiqbiz.com/public_user_files/companylogosV5/windows/930.png]
[www.tiqbiz.com/public_user_files/companylogosV5/windows/963.png]
[www.tiqbiz.com/public_user_files/companylogosV5/windows/969.png]
[www.tiqbiz.com/public_user_files/companylogosV5/windows/973.png]
[www.tiqbiz.com/public_user_files/companylogosV5/windows/1000.png]
[www.tiqbiz.com/public_user_files/companylogosV5/windows/1005.png]
[www.tiqbiz.com/public_user_files/companylogosV5/windows/1018.png]
[www.tiqbiz.com/public_user_files/companylogosV5/windows/1025.png]
[www.tiqbiz.com/public_user_files/companylogosV5/windows/1040.png]
[www.tiqbiz.com/public_user_files/companylogosV5/windows/1046.png]
[www.tiqbiz.com/public_user_files/companylogosV5/windows/1047.png]
[www.tiqbiz.com/public_user_files/companylogosV5/windows/1048.png]
[www.tiqbiz.com/public_user_files/companylogosV5/windows/1053.png]
[www.tiqbiz.com/public_user_files/companylogosV5/windows/1064.png]
[www.tiqbiz.com/public_user_files/companylogosV5/windows/1065.png]
[tiqbiz.com/in/wp-content/uploads/sites/6/2014/11/tiqbiz_install-android.pdf]
[tiqbiz.com/in/wp-content/uploads/sites/6/2014/11/tiqbiz_install-apple.pdf]
[tiqbiz.com/in/wp-content/uploads/sites/6/2014/11/tiqbiz_install-windows.pdf]
[tiqbiz.com/in/wp-content/uploads/sites/6/2014/11/app-icon-160x160.jpg]
[tiqbiz.com/in/wp-content/uploads/sites/6/2014/11/tiqbiz-logo-150x42.png]
[tiqbiz.com/in/wp-content/plugins/contact-form-7/includes/js/jquery.form.min9d5c.js]
[tiqbiz.com/in/wp-content/plugins/contact-form-7/includes/js/scriptsf2b5.js]
[tiqbiz.com/in/wp-content/themes/kane/assets/vendor/bootstrap/js/bootstrap.min.js]
[tiqbiz.com/in/wp-content/themes/kane/assets/vendor/html5shiv.js]
[tiqbiz.com/in/wp-content/themes/kane/assets/vendor/jquery.localScroll.min.js]
[tiqbiz.com/in/wp-content/themes/kane/assets/vendor/jquery.scrollTo.min.js]
[tiqbiz.com/in/wp-content/themes/kane/assets/vendor/jquery.easing.1.3.js]
[tiqbiz.com/in/wp-content/themes/kane/assets/vendor/jquery.stellar.min.js]
[tiqbiz.com/in/wp-content/themes/kane/assets/vendor/respond.min.js]
[tiqbiz.com/in/wp-content/themes/kane/assets/vendor/retina-1.1.0.min.js]
[tiqbiz.com/in/wp-content/themes/kane/assets/vendor/simple-expand.min.js]
[tiqbiz.com/in/wp-content/themes/kane/assets/vendor/smoothscroll.js]
[tiqbiz.com/in/wp-content/themes/kane/assets/vendor/jquery.nav.js]
[tiqbiz.com/in/wp-content/themes/kane/assets/vendor/wow.js]
[tiqbiz.com/in/wp-content/themes/kane/assets/vendor/match-media.js]
[tiqbiz.com/in/wp-content/themes/kane/assets/vendor/video-js/video.js]
[tiqbiz.com/in/wp-content/themes/kane/assets/vendor/jquery.videobackground.js]
[tiqbiz.com/in/wp-content/themes/kane/assets/vendor/bigvideo/lib/bigvideo.js]
[tiqbiz.com/in/wp-content/themes/tiqbiz/common-overridef9b8.js]
[tiqbiz.com/in/wp-includes/js/comment-reply.minf9b8.js]
[tiqbiz.com/in/wp-content/plugins/js_composer/assets/js/js_composer_frontb523.js]
[tiqbiz.com/in/wp-content/themes/kane/assets/vendor/owl-carousel/owl.carousel.min.js]
[tiqbiz.com/in/wp-content/themes/kane/assets/vendor/nivo-lightbox/nivo-lightbox.min.js]
[tiqbiz.com/in/index.html]
[tiqbiz.com/in/wp-content/plugins/contact-form-7/includes/css/stylesf2b5.css]
[tiqbiz.com/in/wp-content/plugins/js_composer/assets/images/icons/address-book.png]
[tiqbiz.com/in/wp-content/plugins/js_composer/assets/images/icons/alarm-clock.png]
[tiqbiz.com/in/wp-content/plugins/js_composer/assets/images/icons/anchor.png]
[tiqbiz.com/in/wp-content/plugins/js_composer/assets/images/icons/application-image.png]
[tiqbiz.com/in/wp-content/plugins/js_composer/assets/images/icons/arrow.png]
[tiqbiz.com/in/wp-content/plugins/js_composer/assets/images/icons/asterisk.png]
[tiqbiz.com/in/wp-content/plugins/js_composer/assets/images/icons/auction-hammer.png]
[tiqbiz.com/in/wp-content/plugins/js_composer/assets/images/icons/balloon.png]
[tiqbiz.com/in/wp-content/plugins/js_composer/assets/images/icons/balloon-buzz.png]
[tiqbiz.com/in/wp-content/plugins/js_composer/assets/images/icons/balloon-facebook.png]
[tiqbiz.com/in/wp-content/plugins/js_composer/assets/images/icons/balloon-twitter.png]
[tiqbiz.com/in/wp-content/plugins/js_composer/assets/images/icons/battery-full.png]
[tiqbiz.com/in/wp-content/plugins/js_composer/assets/images/icons/binocular.png]
[tiqbiz.com/in/wp-content/plugins/js_composer/assets/images/icons/blue-document-excel.png]
[tiqbiz.com/in/wp-content/plugins/js_composer/assets/images/icons/blue-document-image.png]
[tiqbiz.com/in/wp-content/plugins/js_composer/assets/images/icons/blue-document-music.png]
[tiqbiz.com/in/wp-content/plugins/js_composer/assets/images/icons/blue-document-office.png]
[tiqbiz.com/in/wp-content/plugins/js_composer/assets/images/icons/blue-document-pdf.png]
[tiqbiz.com/in/wp-content/plugins/js_composer/assets/images/icons/blue-document-powerpoint.png]
[tiqbiz.com/in/wp-content/plugins/js_composer/assets/images/icons/blue-document-word.png]
[tiqbiz.com/in/wp-content/plugins/js_composer/assets/images/icons/bookmark.png]
[tiqbiz.com/in/wp-content/plugins/js_composer/assets/images/icons/camcorder.png]
[tiqbiz.com/in/wp-content/plugins/js_composer/assets/images/icons/camera.png]
[tiqbiz.com/in/wp-content/plugins/js_composer/assets/images/icons/chart.png]
[tiqbiz.com/in/wp-content/plugins/js_composer/assets/images/icons/chart-pie.png]
[tiqbiz.com/in/wp-content/plugins/js_composer/assets/images/icons/clock.png]
[tiqbiz.com/in/wp-content/plugins/js_composer/assets/images/icons/control.png]
[tiqbiz.com/in/wp-content/plugins/js_composer/assets/images/icons/fire.png]
[tiqbiz.com/in/wp-content/plugins/js_composer/assets/images/icons/heart.png]
[tiqbiz.com/in/wp-content/plugins/js_composer/assets/images/icons/mail.png]
[tiqbiz.com/in/wp-content/plugins/js_composer/assets/images/icons/plus-shield.png]
[tiqbiz.com/in/wp-content/plugins/js_composer/assets/images/icons/video.png]
[tiqbiz.com/in/wp-content/plugins/js_composer/assets/vc/alert.png]
[tiqbiz.com/in/wp-content/plugins/js_composer/assets/vc/info.png]
[tiqbiz.com/in/wp-content/plugins/js_composer/assets/vc/tick.png]
[tiqbiz.com/in/wp-content/plugins/js_composer/assets/vc/exclamation.png]
[tiqbiz.com/in/wp-content/plugins/js_composer/assets/images/toggle_open.png]
[tiqbiz.com/in/wp-content/plugins/js_composer/assets/images/toggle_close.png]
[tiqbiz.com/in/wp-content/plugins/js_composer/assets/images/flickr.png]
[tiqbiz.com/in/wp-content/plugins/js_composer/assets/css/js_composerb523.css]
[tiqbiz.com/in/wp-content/uploads/sites/6/js_composer/customb523.css]
[tiqbiz.com/in/wp-content/themes/kane/modules/animate/animatef9b8.css]
[tiqbiz.com/in/wp-content/themes/kane/assets/vendor/bootstrap/fonts/glyphicons-halflings-regular.eot]
[tiqbiz.com/in/wp-content/themes/kane/assets/vendor/bootstrap/fonts/glyphicons-halflings-regulard41d.eot]
[tiqbiz.com/in/wp-content/themes/kane/assets/vendor/bootstrap/fonts/glyphicons-halflings-regular.woff]
[tiqbiz.com/in/wp-content/themes/kane/assets/vendor/bootstrap/fonts/glyphicons-halflings-regular.ttf]
[tiqbiz.com/in/wp-content/themes/kane/assets/vendor/bootstrap/css/bootstrapf9b8.css]
[tiqbiz.com/in/wp-content/themes/kane/assets/vendor/nivo-lightbox/nivo-lightboxf9b8.css]
[tiqbiz.com/in/wp-content/themes/kane/assets/vendor/nivo-lightbox/themes/default/loading.gif]
[tiqbiz.com/in/wp-content/themes/kane/assets/vendor/nivo-lightbox/themes/default/prev.png]
[tiqbiz.com/in/wp-content/themes/kane/assets/vendor/nivo-lightbox/themes/default/next.png]
[tiqbiz.com/in/wp-content/themes/kane/assets/vendor/nivo-lightbox/themes/default/close.png]
[tiqbiz.com/in/wp-content/themes/kane/assets/vendor/nivo-lightbox/themes/default/loading@2x.gif]
[tiqbiz.com/in/wp-content/themes/kane/assets/vendor/nivo-lightbox/themes/default/prev@2x.png]
[tiqbiz.com/in/wp-content/themes/kane/assets/vendor/nivo-lightbox/themes/default/next@2x.png]
[tiqbiz.com/in/wp-content/themes/kane/assets/vendor/nivo-lightbox/themes/default/close@2x.png]
[tiqbiz.com/in/wp-content/themes/kane/assets/vendor/nivo-lightbox/themes/default/defaultf9b8.css]
[tiqbiz.com/in/wp-content/themes/kane/assets/vendor/owl-carousel/grabbing.png]
[tiqbiz.com/in/wp-content/themes/kane/assets/vendor/owl-carousel/owl.carouself9b8.css]
[tiqbiz.com/in/wp-content/themes/kane/assets/vendor/owl-carousel/AjaxLoader.gif]
[tiqbiz.com/in/wp-content/themes/kane/assets/vendor/owl-carousel/owl.themef9b8.css]
[tiqbiz.com/in/wp-content/themes/kane/assets/vendor/elegant-icons/fonts/ElegantIcons.eot]
[tiqbiz.com/in/wp-content/themes/kane/assets/vendor/elegant-icons/fonts/ElegantIcons.ttf]
[tiqbiz.com/in/wp-content/themes/kane/assets/vendor/elegant-icons/fonts/ElegantIconsd41d.eot]
[tiqbiz.com/in/wp-content/themes/kane/assets/vendor/elegant-icons/stylef9b8.css]
[tiqbiz.com/in/wp-content/themes/kane/assets/vendor/elegant-icons/fonts/ElegantIcons.woff]
[tiqbiz.com/in/wp-content/themes/kane/assets/vendor/app-icons/fonts/app-icons.eot]
[tiqbiz.com/in/wp-content/themes/kane/assets/vendor/app-icons/fonts/app-iconsd41d.eot]
[tiqbiz.com/in/wp-content/themes/kane/assets/vendor/app-icons/fonts/app-icons.woff]
[tiqbiz.com/in/wp-content/themes/kane/assets/vendor/app-icons/fonts/app-icons.ttf]
[tiqbiz.com/in/wp-content/themes/kane/assets/vendor/app-icons/stylesf9b8.css]
[tiqbiz.com/in/wp-content/themes/kane/assets/vendor/video-js/font/vjs.eot]
[tiqbiz.com/in/wp-content/themes/kane/assets/vendor/video-js/font/vjsd41d.eot]
[tiqbiz.com/in/wp-content/themes/kane/assets/vendor/video-js/font/vjs.woff]
[tiqbiz.com/in/wp-content/themes/kane/assets/vendor/video-js/font/vjs.ttf]
[tiqbiz.com/in/wp-content/themes/kane/assets/vendor/video-js/video-jsf9b8.css]
[tiqbiz.com/in/wp-content/themes/kane/assets/vendor/bigvideo/css/bigvideo.png]
[tiqbiz.com/in/wp-content/themes/kane/assets/vendor/bigvideo/css/bigvideof9b8.css]
[tiqbiz.com/in/wp-content/themes/kane/assets/fonts/lane/lanenar_Lane.eot]
[tiqbiz.com/in/wp-content/themes/kane/assets/fonts/lane/lanenar_Laned41d.eot]
[tiqbiz.com/in/wp-content/themes/kane/assets/fonts/lane/lanenar_Lane.woff]
[tiqbiz.com/in/wp-content/themes/kane/assets/fonts/lane/lanenar_Lane.ttf]
[tiqbiz.com/in/wp-content/themes/kane/stylef9b8.css]
[tiqbiz.com/in/wp-content/themes/tiqbiz/stylef9b8.css]
[tiqbiz.com/in/wp-content/themes/kane/assets/vendor/bootstrap/fonts/glyphicons-halflings-regular.svg]
[tiqbiz.com/in/wp-content/themes/kane/assets/vendor/elegant-icons/fonts/ElegantIcons.svg]
[tiqbiz.com/in/wp-content/themes/kane/assets/vendor/app-icons/fonts/app-icons.svg]
[tiqbiz.com/in/wp-content/themes/kane/assets/fonts/lane/lanenar_Lane.svg]
